------------------------------------------------------------
Timing Analyzer Summary
------------------------------------------------------------

Type  : Slow 1100mV 85C Model Setup 'clk'
Slack : -5.154
TNS   : -184.544

Type  : Slow 1100mV 85C Model Hold 'clk'
Slack : 0.440
TNS   : 0.000

Type  : Slow 1100mV 85C Model Minimum Pulse Width 'clk'
Slack : -0.538
TNS   : -38.463

Type  : Slow 1100mV 0C Model Setup 'clk'
Slack : -5.273
TNS   : -189.515

Type  : Slow 1100mV 0C Model Hold 'clk'
Slack : 0.446
TNS   : 0.000

Type  : Slow 1100mV 0C Model Minimum Pulse Width 'clk'
Slack : -0.538
TNS   : -42.079

Type  : Fast 1100mV 85C Model Setup 'clk'
Slack : -1.843
TNS   : -61.402

Type  : Fast 1100mV 85C Model Hold 'clk'
Slack : 0.199
TNS   : 0.000

Type  : Fast 1100mV 85C Model Minimum Pulse Width 'clk'
Slack : -0.079
TNS   : -3.718

Type  : Fast 1100mV 0C Model Setup 'clk'
Slack : -1.655
TNS   : -54.856

Type  : Fast 1100mV 0C Model Hold 'clk'
Slack : 0.188
TNS   : 0.000

Type  : Fast 1100mV 0C Model Minimum Pulse Width 'clk'
Slack : -0.083
TNS   : -3.902

------------------------------------------------------------
