------------------------------------------------------------
Timing Analyzer Summary
------------------------------------------------------------

Type  : Slow 1100mV 85C Model Setup 'ConfigureADC:configurator|internalClock'
Slack : -5.653
TNS   : -110.866

Type  : Slow 1100mV 85C Model Setup 'innerDataClock'
Slack : -5.405
TNS   : -232.842

Type  : Slow 1100mV 85C Model Setup 'inputClock'
Slack : -3.432
TNS   : -57.987

Type  : Slow 1100mV 85C Model Setup 'WrReEnButton'
Slack : -0.591
TNS   : -1.011

Type  : Slow 1100mV 85C Model Hold 'inputClock'
Slack : -0.129
TNS   : -0.138

Type  : Slow 1100mV 85C Model Hold 'WrReEnButton'
Slack : 0.330
TNS   : 0.000

Type  : Slow 1100mV 85C Model Hold 'innerDataClock'
Slack : 0.355
TNS   : 0.000

Type  : Slow 1100mV 85C Model Hold 'ConfigureADC:configurator|internalClock'
Slack : 0.397
TNS   : 0.000

Type  : Slow 1100mV 85C Model Minimum Pulse Width 'innerDataClock'
Slack : -0.538
TNS   : -41.004

Type  : Slow 1100mV 85C Model Minimum Pulse Width 'inputClock'
Slack : -0.538
TNS   : -29.546

Type  : Slow 1100mV 85C Model Minimum Pulse Width 'ConfigureADC:configurator|internalClock'
Slack : -0.538
TNS   : -19.715

Type  : Slow 1100mV 85C Model Minimum Pulse Width 'WrReEnButton'
Slack : -0.538
TNS   : -1.570

Type  : Slow 1100mV 0C Model Setup 'ConfigureADC:configurator|internalClock'
Slack : -5.822
TNS   : -114.159

Type  : Slow 1100mV 0C Model Setup 'innerDataClock'
Slack : -5.543
TNS   : -235.766

Type  : Slow 1100mV 0C Model Setup 'inputClock'
Slack : -3.622
TNS   : -55.945

Type  : Slow 1100mV 0C Model Setup 'WrReEnButton'
Slack : -0.588
TNS   : -1.008

Type  : Slow 1100mV 0C Model Hold 'inputClock'
Slack : -0.402
TNS   : -1.064

Type  : Slow 1100mV 0C Model Hold 'innerDataClock'
Slack : 0.357
TNS   : 0.000

Type  : Slow 1100mV 0C Model Hold 'ConfigureADC:configurator|internalClock'
Slack : 0.358
TNS   : 0.000

Type  : Slow 1100mV 0C Model Hold 'WrReEnButton'
Slack : 0.441
TNS   : 0.000

Type  : Slow 1100mV 0C Model Minimum Pulse Width 'innerDataClock'
Slack : -0.538
TNS   : -40.757

Type  : Slow 1100mV 0C Model Minimum Pulse Width 'inputClock'
Slack : -0.538
TNS   : -31.998

Type  : Slow 1100mV 0C Model Minimum Pulse Width 'ConfigureADC:configurator|internalClock'
Slack : -0.538
TNS   : -19.642

Type  : Slow 1100mV 0C Model Minimum Pulse Width 'WrReEnButton'
Slack : -0.538
TNS   : -1.724

Type  : Fast 1100mV 85C Model Setup 'ConfigureADC:configurator|internalClock'
Slack : -2.557
TNS   : -44.939

Type  : Fast 1100mV 85C Model Setup 'inputClock'
Slack : -2.310
TNS   : -22.925

Type  : Fast 1100mV 85C Model Setup 'innerDataClock'
Slack : -2.147
TNS   : -97.099

Type  : Fast 1100mV 85C Model Setup 'WrReEnButton'
Slack : 0.326
TNS   : 0.000

Type  : Fast 1100mV 85C Model Hold 'inputClock'
Slack : -0.060
TNS   : -0.115

Type  : Fast 1100mV 85C Model Hold 'innerDataClock'
Slack : 0.109
TNS   : 0.000

Type  : Fast 1100mV 85C Model Hold 'ConfigureADC:configurator|internalClock'
Slack : 0.153
TNS   : 0.000

Type  : Fast 1100mV 85C Model Hold 'WrReEnButton'
Slack : 0.181
TNS   : 0.000

Type  : Fast 1100mV 85C Model Minimum Pulse Width 'inputClock'
Slack : -0.398
TNS   : -3.049

Type  : Fast 1100mV 85C Model Minimum Pulse Width 'WrReEnButton'
Slack : -0.048
TNS   : -0.096

Type  : Fast 1100mV 85C Model Minimum Pulse Width 'innerDataClock'
Slack : 0.036
TNS   : 0.000

Type  : Fast 1100mV 85C Model Minimum Pulse Width 'ConfigureADC:configurator|internalClock'
Slack : 0.065
TNS   : 0.000

Type  : Fast 1100mV 0C Model Setup 'ConfigureADC:configurator|internalClock'
Slack : -2.457
TNS   : -43.175

Type  : Fast 1100mV 0C Model Setup 'innerDataClock'
Slack : -1.973
TNS   : -87.530

Type  : Fast 1100mV 0C Model Setup 'inputClock'
Slack : -1.910
TNS   : -17.870

Type  : Fast 1100mV 0C Model Setup 'WrReEnButton'
Slack : 0.363
TNS   : 0.000

Type  : Fast 1100mV 0C Model Hold 'inputClock'
Slack : -0.260
TNS   : -0.716

Type  : Fast 1100mV 0C Model Hold 'innerDataClock'
Slack : 0.090
TNS   : 0.000

Type  : Fast 1100mV 0C Model Hold 'ConfigureADC:configurator|internalClock'
Slack : 0.123
TNS   : 0.000

Type  : Fast 1100mV 0C Model Hold 'WrReEnButton'
Slack : 0.190
TNS   : 0.000

Type  : Fast 1100mV 0C Model Minimum Pulse Width 'inputClock'
Slack : -0.368
TNS   : -3.180

Type  : Fast 1100mV 0C Model Minimum Pulse Width 'WrReEnButton'
Slack : -0.067
TNS   : -0.134

Type  : Fast 1100mV 0C Model Minimum Pulse Width 'innerDataClock'
Slack : 0.064
TNS   : 0.000

Type  : Fast 1100mV 0C Model Minimum Pulse Width 'ConfigureADC:configurator|internalClock'
Slack : 0.082
TNS   : 0.000

------------------------------------------------------------
