------------------------------------------------------------
Timing Analyzer Summary
------------------------------------------------------------

Type  : Slow 1100mV 85C Model Setup 'Parallel_Data_CLK_IN'
Slack : -5.037
TNS   : -182.971

Type  : Slow 1100mV 85C Model Setup 'MainFSM:inst|ConfigureADC:configurator|sclk_reg'
Slack : -4.013
TNS   : -94.049

Type  : Slow 1100mV 85C Model Setup 'Clock'
Slack : -3.927
TNS   : -60.846

Type  : Slow 1100mV 85C Model Setup 'MainFSM:inst|ConfigureADC:configurator|internalClock'
Slack : -1.651
TNS   : -4.671

Type  : Slow 1100mV 85C Model Hold 'Clock'
Slack : 0.350
TNS   : 0.000

Type  : Slow 1100mV 85C Model Hold 'MainFSM:inst|ConfigureADC:configurator|internalClock'
Slack : 0.366
TNS   : 0.000

Type  : Slow 1100mV 85C Model Hold 'MainFSM:inst|ConfigureADC:configurator|sclk_reg'
Slack : 0.395
TNS   : 0.000

Type  : Slow 1100mV 85C Model Hold 'Parallel_Data_CLK_IN'
Slack : 0.436
TNS   : 0.000

Type  : Slow 1100mV 85C Model Minimum Pulse Width 'Parallel_Data_CLK_IN'
Slack : -0.538
TNS   : -38.427

Type  : Slow 1100mV 85C Model Minimum Pulse Width 'MainFSM:inst|ConfigureADC:configurator|sclk_reg'
Slack : -0.538
TNS   : -25.759

Type  : Slow 1100mV 85C Model Minimum Pulse Width 'Clock'
Slack : -0.538
TNS   : -23.283

Type  : Slow 1100mV 85C Model Minimum Pulse Width 'MainFSM:inst|ConfigureADC:configurator|internalClock'
Slack : -0.538
TNS   : -2.412

Type  : Slow 1100mV 0C Model Setup 'Parallel_Data_CLK_IN'
Slack : -5.225
TNS   : -190.196

Type  : Slow 1100mV 0C Model Setup 'Clock'
Slack : -4.237
TNS   : -61.601

Type  : Slow 1100mV 0C Model Setup 'MainFSM:inst|ConfigureADC:configurator|sclk_reg'
Slack : -4.179
TNS   : -94.286

Type  : Slow 1100mV 0C Model Setup 'MainFSM:inst|ConfigureADC:configurator|internalClock'
Slack : -1.678
TNS   : -4.650

Type  : Slow 1100mV 0C Model Hold 'Clock'
Slack : 0.327
TNS   : 0.000

Type  : Slow 1100mV 0C Model Hold 'MainFSM:inst|ConfigureADC:configurator|internalClock'
Slack : 0.350
TNS   : 0.000

Type  : Slow 1100mV 0C Model Hold 'Parallel_Data_CLK_IN'
Slack : 0.441
TNS   : 0.000

Type  : Slow 1100mV 0C Model Hold 'MainFSM:inst|ConfigureADC:configurator|sclk_reg'
Slack : 0.462
TNS   : 0.000

Type  : Slow 1100mV 0C Model Minimum Pulse Width 'Parallel_Data_CLK_IN'
Slack : -0.538
TNS   : -42.831

Type  : Slow 1100mV 0C Model Minimum Pulse Width 'MainFSM:inst|ConfigureADC:configurator|sclk_reg'
Slack : -0.538
TNS   : -25.624

Type  : Slow 1100mV 0C Model Minimum Pulse Width 'Clock'
Slack : -0.538
TNS   : -25.504

Type  : Slow 1100mV 0C Model Minimum Pulse Width 'MainFSM:inst|ConfigureADC:configurator|internalClock'
Slack : -0.538
TNS   : -2.388

Type  : Fast 1100mV 85C Model Setup 'Clock'
Slack : -3.050
TNS   : -17.304

Type  : Fast 1100mV 85C Model Setup 'Parallel_Data_CLK_IN'
Slack : -1.736
TNS   : -59.100

Type  : Fast 1100mV 85C Model Setup 'MainFSM:inst|ConfigureADC:configurator|sclk_reg'
Slack : -1.532
TNS   : -34.361

Type  : Fast 1100mV 85C Model Setup 'MainFSM:inst|ConfigureADC:configurator|internalClock'
Slack : -0.829
TNS   : -1.840

Type  : Fast 1100mV 85C Model Hold 'MainFSM:inst|ConfigureADC:configurator|internalClock'
Slack : 0.034
TNS   : 0.000

Type  : Fast 1100mV 85C Model Hold 'Clock'
Slack : 0.181
TNS   : 0.000

Type  : Fast 1100mV 85C Model Hold 'Parallel_Data_CLK_IN'
Slack : 0.198
TNS   : 0.000

Type  : Fast 1100mV 85C Model Hold 'MainFSM:inst|ConfigureADC:configurator|sclk_reg'
Slack : 0.222
TNS   : 0.000

Type  : Fast 1100mV 85C Model Minimum Pulse Width 'Clock'
Slack : -0.420
TNS   : -2.442

Type  : Fast 1100mV 85C Model Minimum Pulse Width 'MainFSM:inst|ConfigureADC:configurator|sclk_reg'
Slack : 0.053
TNS   : 0.000

Type  : Fast 1100mV 85C Model Minimum Pulse Width 'Parallel_Data_CLK_IN'
Slack : 0.070
TNS   : 0.000

Type  : Fast 1100mV 85C Model Minimum Pulse Width 'MainFSM:inst|ConfigureADC:configurator|internalClock'
Slack : 0.103
TNS   : 0.000

Type  : Fast 1100mV 0C Model Setup 'Clock'
Slack : -2.555
TNS   : -14.650

Type  : Fast 1100mV 0C Model Setup 'Parallel_Data_CLK_IN'
Slack : -1.568
TNS   : -53.118

Type  : Fast 1100mV 0C Model Setup 'MainFSM:inst|ConfigureADC:configurator|sclk_reg'
Slack : -1.503
TNS   : -30.770

Type  : Fast 1100mV 0C Model Setup 'MainFSM:inst|ConfigureADC:configurator|internalClock'
Slack : -0.744
TNS   : -1.582

Type  : Fast 1100mV 0C Model Hold 'MainFSM:inst|ConfigureADC:configurator|internalClock'
Slack : -0.017
TNS   : -0.017

Type  : Fast 1100mV 0C Model Hold 'Clock'
Slack : 0.167
TNS   : 0.000

Type  : Fast 1100mV 0C Model Hold 'Parallel_Data_CLK_IN'
Slack : 0.186
TNS   : 0.000

Type  : Fast 1100mV 0C Model Hold 'MainFSM:inst|ConfigureADC:configurator|sclk_reg'
Slack : 0.236
TNS   : 0.000

Type  : Fast 1100mV 0C Model Minimum Pulse Width 'Clock'
Slack : -0.415
TNS   : -2.526

Type  : Fast 1100mV 0C Model Minimum Pulse Width 'Parallel_Data_CLK_IN'
Slack : 0.054
TNS   : 0.000

Type  : Fast 1100mV 0C Model Minimum Pulse Width 'MainFSM:inst|ConfigureADC:configurator|sclk_reg'
Slack : 0.057
TNS   : 0.000

Type  : Fast 1100mV 0C Model Minimum Pulse Width 'MainFSM:inst|ConfigureADC:configurator|internalClock'
Slack : 0.120
TNS   : 0.000

------------------------------------------------------------
