Analysis & Synthesis report for HFFrequencySynthesis
Sat Mar 14 12:42:00 2026
Quartus Prime Version 18.1.0 Build 625 09/12/2018 SJ Lite Edition


---------------------
; Table of Contents ;
---------------------
  1. Legal Notice
  2. Analysis & Synthesis Summary
  3. Analysis & Synthesis Settings
  4. Parallel Compilation
  5. Analysis & Synthesis Source Files Read
  6. Analysis & Synthesis Resource Usage Summary
  7. Analysis & Synthesis Resource Utilization by Entity
  8. State Machine - |HFFrequencySynthesis|MainFSM:inst|ConfigureADC:configurator|state
  9. State Machine - |HFFrequencySynthesis|MainFSM:inst|ConfigureADC:configurator|nextState
 10. Registers Removed During Synthesis
 11. General Register Statistics
 12. Inverted Register Statistics
 13. Multiplexer Restructuring Statistics (Restructuring Performed)
 14. Post-Synthesis Netlist Statistics for Top Partition
 15. Elapsed Time Per Partition
 16. Analysis & Synthesis Messages



----------------
; Legal Notice ;
----------------
Copyright (C) 2018  Intel Corporation. All rights reserved.
Your use of Intel Corporation's design tools, logic functions 
and other software and tools, and its AMPP partner logic 
functions, and any output files from any of the foregoing 
(including device programming or simulation files), and any 
associated documentation or information are expressly subject 
to the terms and conditions of the Intel Program License 
Subscription Agreement, the Intel Quartus Prime License Agreement,
the Intel FPGA IP License Agreement, or other applicable license
agreement, including, without limitation, that your use is for
the sole purpose of programming logic devices manufactured by
Intel and sold by Intel or its authorized distributors.  Please
refer to the applicable agreement for further details.



+-------------------------------------------------------------------------------+
; Analysis & Synthesis Summary                                                  ;
+---------------------------------+---------------------------------------------+
; Analysis & Synthesis Status     ; Successful - Sat Mar 14 12:42:00 2026       ;
; Quartus Prime Version           ; 18.1.0 Build 625 09/12/2018 SJ Lite Edition ;
; Revision Name                   ; HFFrequencySynthesis                        ;
; Top-level Entity Name           ; HFFrequencySynthesis                        ;
; Family                          ; Cyclone V                                   ;
; Logic utilization (in ALMs)     ; N/A                                         ;
; Total registers                 ; 104                                         ;
; Total pins                      ; 33                                          ;
; Total virtual pins              ; 0                                           ;
; Total block memory bits         ; 0                                           ;
; Total DSP Blocks                ; 0                                           ;
; Total HSSI RX PCSs              ; 0                                           ;
; Total HSSI PMA RX Deserializers ; 0                                           ;
; Total HSSI TX PCSs              ; 0                                           ;
; Total HSSI PMA TX Serializers   ; 0                                           ;
; Total PLLs                      ; 0                                           ;
; Total DLLs                      ; 0                                           ;
+---------------------------------+---------------------------------------------+


+-------------------------------------------------------------------------------------------------------------------------------+
; Analysis & Synthesis Settings                                                                                                 ;
+---------------------------------------------------------------------------------+----------------------+----------------------+
; Option                                                                          ; Setting              ; Default Value        ;
+---------------------------------------------------------------------------------+----------------------+----------------------+
; Device                                                                          ; 5CGXFC5C6F27C7       ;                      ;
; Top-level entity name                                                           ; HFFrequencySynthesis ; HFFrequencySynthesis ;
; Family name                                                                     ; Cyclone V            ; Cyclone V            ;
; Use smart compilation                                                           ; Off                  ; Off                  ;
; Enable parallel Assembler and Timing Analyzer during compilation                ; On                   ; On                   ;
; Enable compact report table                                                     ; Off                  ; Off                  ;
; Restructure Multiplexers                                                        ; Auto                 ; Auto                 ;
; MLAB Add Timing Constraints For Mixed-Port Feed-Through Mode Setting Don't Care ; Off                  ; Off                  ;
; Create Debugging Nodes for IP Cores                                             ; Off                  ; Off                  ;
; Preserve fewer node names                                                       ; On                   ; On                   ;
; Intel FPGA IP Evaluation Mode                                                   ; Enable               ; Enable               ;
; Verilog Version                                                                 ; Verilog_2001         ; Verilog_2001         ;
; VHDL Version                                                                    ; VHDL_1993            ; VHDL_1993            ;
; State Machine Processing                                                        ; Auto                 ; Auto                 ;
; Safe State Machine                                                              ; Off                  ; Off                  ;
; Extract Verilog State Machines                                                  ; On                   ; On                   ;
; Extract VHDL State Machines                                                     ; On                   ; On                   ;
; Ignore Verilog initial constructs                                               ; Off                  ; Off                  ;
; Iteration limit for constant Verilog loops                                      ; 5000                 ; 5000                 ;
; Iteration limit for non-constant Verilog loops                                  ; 250                  ; 250                  ;
; Add Pass-Through Logic to Inferred RAMs                                         ; On                   ; On                   ;
; Infer RAMs from Raw Logic                                                       ; On                   ; On                   ;
; Parallel Synthesis                                                              ; On                   ; On                   ;
; DSP Block Balancing                                                             ; Auto                 ; Auto                 ;
; NOT Gate Push-Back                                                              ; On                   ; On                   ;
; Power-Up Don't Care                                                             ; On                   ; On                   ;
; Remove Redundant Logic Cells                                                    ; Off                  ; Off                  ;
; Remove Duplicate Registers                                                      ; On                   ; On                   ;
; Ignore CARRY Buffers                                                            ; Off                  ; Off                  ;
; Ignore CASCADE Buffers                                                          ; Off                  ; Off                  ;
; Ignore GLOBAL Buffers                                                           ; Off                  ; Off                  ;
; Ignore ROW GLOBAL Buffers                                                       ; Off                  ; Off                  ;
; Ignore LCELL Buffers                                                            ; Off                  ; Off                  ;
; Ignore SOFT Buffers                                                             ; On                   ; On                   ;
; Limit AHDL Integers to 32 Bits                                                  ; Off                  ; Off                  ;
; Optimization Technique                                                          ; Balanced             ; Balanced             ;
; Carry Chain Length                                                              ; 70                   ; 70                   ;
; Auto Carry Chains                                                               ; On                   ; On                   ;
; Auto Open-Drain Pins                                                            ; On                   ; On                   ;
; Perform WYSIWYG Primitive Resynthesis                                           ; Off                  ; Off                  ;
; Auto ROM Replacement                                                            ; On                   ; On                   ;
; Auto RAM Replacement                                                            ; On                   ; On                   ;
; Auto DSP Block Replacement                                                      ; On                   ; On                   ;
; Auto Shift Register Replacement                                                 ; Auto                 ; Auto                 ;
; Allow Shift Register Merging across Hierarchies                                 ; Auto                 ; Auto                 ;
; Auto Clock Enable Replacement                                                   ; On                   ; On                   ;
; Strict RAM Replacement                                                          ; Off                  ; Off                  ;
; Allow Synchronous Control Signals                                               ; On                   ; On                   ;
; Force Use of Synchronous Clear Signals                                          ; Off                  ; Off                  ;
; Auto Resource Sharing                                                           ; Off                  ; Off                  ;
; Allow Any RAM Size For Recognition                                              ; Off                  ; Off                  ;
; Allow Any ROM Size For Recognition                                              ; Off                  ; Off                  ;
; Allow Any Shift Register Size For Recognition                                   ; Off                  ; Off                  ;
; Use LogicLock Constraints during Resource Balancing                             ; On                   ; On                   ;
; Ignore translate_off and synthesis_off directives                               ; Off                  ; Off                  ;
; Timing-Driven Synthesis                                                         ; On                   ; On                   ;
; Report Parameter Settings                                                       ; On                   ; On                   ;
; Report Source Assignments                                                       ; On                   ; On                   ;
; Report Connectivity Checks                                                      ; On                   ; On                   ;
; Ignore Maximum Fan-Out Assignments                                              ; Off                  ; Off                  ;
; Synchronization Register Chain Length                                           ; 3                    ; 3                    ;
; Power Optimization During Synthesis                                             ; Normal compilation   ; Normal compilation   ;
; HDL message level                                                               ; Level2               ; Level2               ;
; Suppress Register Optimization Related Messages                                 ; Off                  ; Off                  ;
; Number of Removed Registers Reported in Synthesis Report                        ; 5000                 ; 5000                 ;
; Number of Swept Nodes Reported in Synthesis Report                              ; 5000                 ; 5000                 ;
; Number of Inverted Registers Reported in Synthesis Report                       ; 100                  ; 100                  ;
; Clock MUX Protection                                                            ; On                   ; On                   ;
; Auto Gated Clock Conversion                                                     ; Off                  ; Off                  ;
; Block Design Naming                                                             ; Auto                 ; Auto                 ;
; SDC constraint protection                                                       ; Off                  ; Off                  ;
; Synthesis Effort                                                                ; Auto                 ; Auto                 ;
; Shift Register Replacement - Allow Asynchronous Clear Signal                    ; On                   ; On                   ;
; Pre-Mapping Resynthesis Optimization                                            ; Off                  ; Off                  ;
; Analysis & Synthesis Message Level                                              ; Medium               ; Medium               ;
; Disable Register Merging Across Hierarchies                                     ; Auto                 ; Auto                 ;
; Resource Aware Inference For Block RAM                                          ; On                   ; On                   ;
; Automatic Parallel Synthesis                                                    ; On                   ; On                   ;
; Partial Reconfiguration Bitstream ID                                            ; Off                  ; Off                  ;
+---------------------------------------------------------------------------------+----------------------+----------------------+


+------------------------------------------+
; Parallel Compilation                     ;
+----------------------------+-------------+
; Processors                 ; Number      ;
+----------------------------+-------------+
; Number detected on machine ; 8           ;
; Maximum allowed            ; 4           ;
;                            ;             ;
; Average used               ; 1.00        ;
; Maximum used               ; 4           ;
;                            ;             ;
; Usage by Processor         ; % Time Used ;
;     Processor 1            ; 100.0%      ;
;     Processor 2            ;   0.0%      ;
;     Processors 3-4         ;   0.0%      ;
+----------------------------+-------------+


+--------------------------------------------------------------------------------------------------------------------------------------------------------------+
; Analysis & Synthesis Source Files Read                                                                                                                       ;
+----------------------------------+-----------------+------------------------------------+----------------------------------------------------------+---------+
; File Name with User-Entered Path ; Used in Netlist ; File Type                          ; File Name with Absolute Path                             ; Library ;
+----------------------------------+-----------------+------------------------------------+----------------------------------------------------------+---------+
; MainFSM.vhd                      ; yes             ; User VHDL File                     ; Z:/dev/hw/DDS/fpga_vhdl/ter/dds/MainFSM.vhd              ;         ;
; SynthesisCircuitry.vhd           ; yes             ; User VHDL File                     ; Z:/dev/hw/DDS/fpga_vhdl/ter/dds/SynthesisCircuitry.vhd   ;         ;
; ConfigureADC.vhd                 ; yes             ; User VHDL File                     ; Z:/dev/hw/DDS/fpga_vhdl/ter/dds/ConfigureADC.vhd         ;         ;
; ConfigROM.vhd                    ; yes             ; User VHDL File                     ; Z:/dev/hw/DDS/fpga_vhdl/ter/dds/ConfigROM.vhd            ;         ;
; HFFrequencySynthesis.bdf         ; yes             ; User Block Diagram/Schematic File  ; Z:/dev/hw/DDS/fpga_vhdl/ter/dds/HFFrequencySynthesis.bdf ;         ;
+----------------------------------+-----------------+------------------------------------+----------------------------------------------------------+---------+


+-----------------------------------------------------------+
; Analysis & Synthesis Resource Usage Summary               ;
+---------------------------------------------+-------------+
; Resource                                    ; Usage       ;
+---------------------------------------------+-------------+
; Estimate of Logic utilization (ALMs needed) ; 81          ;
;                                             ;             ;
; Combinational ALUT usage for logic          ; 139         ;
;     -- 7 input functions                    ; 2           ;
;     -- 6 input functions                    ; 19          ;
;     -- 5 input functions                    ; 15          ;
;     -- 4 input functions                    ; 22          ;
;     -- <=3 input functions                  ; 81          ;
;                                             ;             ;
; Dedicated logic registers                   ; 104         ;
;                                             ;             ;
; I/O pins                                    ; 33          ;
;                                             ;             ;
; Total DSP Blocks                            ; 0           ;
;                                             ;             ;
; Maximum fan-out node                        ; Reset~input ;
; Maximum fan-out                             ; 69          ;
; Total fan-out                               ; 860         ;
; Average fan-out                             ; 2.78        ;
+---------------------------------------------+-------------+


+-------------------------------------------------------------------------------------------------------------------------------------------------------------------------------------------------------------------------------------------------+
; Analysis & Synthesis Resource Utilization by Entity                                                                                                                                                                                             ;
+-----------------------------------+---------------------+---------------------------+-------------------+------------+------+--------------+--------------------------------------------------------------+----------------------+--------------+
; Compilation Hierarchy Node        ; Combinational ALUTs ; Dedicated Logic Registers ; Block Memory Bits ; DSP Blocks ; Pins ; Virtual Pins ; Full Hierarchy Name                                          ; Entity Name          ; Library Name ;
+-----------------------------------+---------------------+---------------------------+-------------------+------------+------+--------------+--------------------------------------------------------------+----------------------+--------------+
; |HFFrequencySynthesis             ; 139 (0)             ; 104 (0)                   ; 0                 ; 0          ; 33   ; 0            ; |HFFrequencySynthesis                                        ; HFFrequencySynthesis ; work         ;
;    |MainFSM:inst|                 ; 139 (2)             ; 104 (4)                   ; 0                 ; 0          ; 0    ; 0            ; |HFFrequencySynthesis|MainFSM:inst                           ; MainFSM              ; work         ;
;       |ConfigureADC:configurator| ; 87 (87)             ; 52 (52)                   ; 0                 ; 0          ; 0    ; 0            ; |HFFrequencySynthesis|MainFSM:inst|ConfigureADC:configurator ; ConfigureADC         ; work         ;
;       |SinLUT:synthesizer|        ; 50 (50)             ; 48 (48)                   ; 0                 ; 0          ; 0    ; 0            ; |HFFrequencySynthesis|MainFSM:inst|SinLUT:synthesizer        ; SinLUT               ; work         ;
+-----------------------------------+---------------------+---------------------------+-------------------+------------+------+--------------+--------------------------------------------------------------+----------------------+--------------+
Note: For table entries with two numbers listed, the numbers in parentheses indicate the number of resources of the given type used by the specific entity alone. The numbers listed outside of parentheses indicate the total resources of the given type used by the specific entity and all of its sub-entities in the hierarchy.


Encoding Type:  One-Hot
+------------------------------------------------------------------------------------+
; State Machine - |HFFrequencySynthesis|MainFSM:inst|ConfigureADC:configurator|state ;
+---------------+------------+---------------+-------------+------------+------------+
; Name          ; state.DONE ; state.DISCARD ; state.INTER ; state.SEND ; state.IDLE ;
+---------------+------------+---------------+-------------+------------+------------+
; state.IDLE    ; 0          ; 0             ; 0           ; 0          ; 0          ;
; state.SEND    ; 0          ; 0             ; 0           ; 1          ; 1          ;
; state.INTER   ; 0          ; 0             ; 1           ; 0          ; 1          ;
; state.DISCARD ; 0          ; 1             ; 0           ; 0          ; 1          ;
; state.DONE    ; 1          ; 0             ; 0           ; 0          ; 1          ;
+---------------+------------+---------------+-------------+------------+------------+


Encoding Type:  One-Hot
+------------------------------------------------------------------------------------------------------------+
; State Machine - |HFFrequencySynthesis|MainFSM:inst|ConfigureADC:configurator|nextState                     ;
+-------------------+----------------+-------------------+-----------------+----------------+----------------+
; Name              ; nextState.DONE ; nextState.DISCARD ; nextState.INTER ; nextState.SEND ; nextState.IDLE ;
+-------------------+----------------+-------------------+-----------------+----------------+----------------+
; nextState.IDLE    ; 0              ; 0                 ; 0               ; 0              ; 0              ;
; nextState.SEND    ; 0              ; 0                 ; 0               ; 1              ; 1              ;
; nextState.INTER   ; 0              ; 0                 ; 1               ; 0              ; 1              ;
; nextState.DISCARD ; 0              ; 1                 ; 0               ; 0              ; 1              ;
; nextState.DONE    ; 1              ; 0                 ; 0               ; 0              ; 1              ;
+-------------------+----------------+-------------------+-----------------+----------------+----------------+


+--------------------------------------------------------------------------------------------------+
; Registers Removed During Synthesis                                                               ;
+---------------------------------------------------------+----------------------------------------+
; Register name                                           ; Reason for Removal                     ;
+---------------------------------------------------------+----------------------------------------+
; MainFSM:inst|ConfigureADC:configurator|WaitingBuffer[3] ; Stuck at GND due to stuck port data_in ;
; Total Number of Removed Registers = 1                   ;                                        ;
+---------------------------------------------------------+----------------------------------------+


+------------------------------------------------------+
; General Register Statistics                          ;
+----------------------------------------------+-------+
; Statistic                                    ; Value ;
+----------------------------------------------+-------+
; Total registers                              ; 104   ;
; Number of registers using Synchronous Clear  ; 63    ;
; Number of registers using Synchronous Load   ; 0     ;
; Number of registers using Asynchronous Clear ; 56    ;
; Number of registers using Asynchronous Load  ; 0     ;
; Number of registers using Clock Enable       ; 16    ;
; Number of registers using Preset             ; 0     ;
+----------------------------------------------+-------+


+--------------------------------------------------+
; Inverted Register Statistics                     ;
+----------------------------------------+---------+
; Inverted Register                      ; Fan out ;
+----------------------------------------+---------+
; MainFSM:inst|btn_prev                  ; 1       ;
; MainFSM:inst|btn_ff2                   ; 2       ;
; MainFSM:inst|btn_ff1                   ; 1       ;
; Total number of inverted registers = 3 ;         ;
+----------------------------------------+---------+


+--------------------------------------------------------------------------------------------------------------------------------------------------------------------------------------+
; Multiplexer Restructuring Statistics (Restructuring Performed)                                                                                                                       ;
+--------------------+-----------+---------------+----------------------+------------------------+------------+------------------------------------------------------------------------+
; Multiplexer Inputs ; Bus Width ; Baseline Area ; Area if Restructured ; Saving if Restructured ; Registered ; Example Multiplexer Output                                             ;
+--------------------+-----------+---------------+----------------------+------------------------+------------+------------------------------------------------------------------------+
; 3:1                ; 2 bits    ; 4 LEs         ; 4 LEs                ; 0 LEs                  ; No         ; |HFFrequencySynthesis|MainFSM:inst|ConfigureADC:configurator|nextState ;
+--------------------+-----------+---------------+----------------------+------------------------+------------+------------------------------------------------------------------------+


+-----------------------------------------------------+
; Post-Synthesis Netlist Statistics for Top Partition ;
+-----------------------+-----------------------------+
; Type                  ; Count                       ;
+-----------------------+-----------------------------+
; arriav_ff             ; 104                         ;
;     CLR               ; 24                          ;
;     CLR SCLR          ; 16                          ;
;     ENA CLR           ; 1                           ;
;     ENA CLR SCLR      ; 15                          ;
;     SCLR              ; 32                          ;
;     plain             ; 16                          ;
; arriav_io_obuf        ; 2                           ;
; arriav_lcell_comb     ; 142                         ;
;     arith             ; 63                          ;
;         1 data inputs ; 63                          ;
;     extend            ; 2                           ;
;         7 data inputs ; 2                           ;
;     normal            ; 77                          ;
;         1 data inputs ; 6                           ;
;         2 data inputs ; 7                           ;
;         3 data inputs ; 8                           ;
;         4 data inputs ; 22                          ;
;         5 data inputs ; 15                          ;
;         6 data inputs ; 19                          ;
; boundary_port         ; 33                          ;
;                       ;                             ;
; Max LUT depth         ; 5.80                        ;
; Average LUT depth     ; 2.87                        ;
+-----------------------+-----------------------------+


+-------------------------------+
; Elapsed Time Per Partition    ;
+----------------+--------------+
; Partition Name ; Elapsed Time ;
+----------------+--------------+
; Top            ; 00:00:00     ;
+----------------+--------------+


+-------------------------------+
; Analysis & Synthesis Messages ;
+-------------------------------+
Info: *******************************************************************
Info: Running Quartus Prime Analysis & Synthesis
    Info: Version 18.1.0 Build 625 09/12/2018 SJ Lite Edition
    Info: Processing started: Sat Mar 14 12:41:46 2026
Info: Command: quartus_map --read_settings_files=on --write_settings_files=off HFFrequencySynthesis -c HFFrequencySynthesis
Warning (18236): Number of processors has not been specified which may cause overloading on shared machines.  Set the global assignment NUM_PARALLEL_PROCESSORS in your QSF to an appropriate value for best performance.
Info (20030): Parallel compilation is enabled and will use 4 of the 4 processors detected
Info (12021): Found 1 design units, including 1 entities, in source file baseline_c5gx.v
    Info (12023): Found entity 1: baseline_c5gx File: Z:/dev/hw/DDS/fpga_vhdl/ter/dds/baseline_c5gx.v Line: 38
Info (12021): Found 2 design units, including 1 entities, in source file mainfsm.vhd
    Info (12022): Found design unit 1: MainFSM-basic File: Z:/dev/hw/DDS/fpga_vhdl/ter/dds/MainFSM.vhd Line: 25
    Info (12023): Found entity 1: MainFSM File: Z:/dev/hw/DDS/fpga_vhdl/ter/dds/MainFSM.vhd Line: 5
Info (12021): Found 2 design units, including 1 entities, in source file synthesiscircuitry.vhd
    Info (12022): Found design unit 1: SinLUT-basic File: Z:/dev/hw/DDS/fpga_vhdl/ter/dds/SynthesisCircuitry.vhd Line: 12
    Info (12023): Found entity 1: SinLUT File: Z:/dev/hw/DDS/fpga_vhdl/ter/dds/SynthesisCircuitry.vhd Line: 5
Info (12021): Found 2 design units, including 1 entities, in source file configureadc.vhd
    Info (12022): Found design unit 1: ConfigureADC-basic File: Z:/dev/hw/DDS/fpga_vhdl/ter/dds/ConfigureADC.vhd Line: 22
    Info (12023): Found entity 1: ConfigureADC File: Z:/dev/hw/DDS/fpga_vhdl/ter/dds/ConfigureADC.vhd Line: 6
Info (12021): Found 2 design units, including 1 entities, in source file testbench.vhd
    Info (12022): Found design unit 1: TestBench-basic File: Z:/dev/hw/DDS/fpga_vhdl/ter/dds/TestBench.vhd Line: 7
    Info (12023): Found entity 1: TestBench File: Z:/dev/hw/DDS/fpga_vhdl/ter/dds/TestBench.vhd Line: 4
Info (12021): Found 2 design units, including 1 entities, in source file configrom.vhd
    Info (12022): Found design unit 1: ConfigROM-basic File: Z:/dev/hw/DDS/fpga_vhdl/ter/dds/ConfigROM.vhd Line: 12
    Info (12023): Found entity 1: ConfigROM File: Z:/dev/hw/DDS/fpga_vhdl/ter/dds/ConfigROM.vhd Line: 5
Info (12021): Found 1 design units, including 1 entities, in source file hffrequencysynthesis.bdf
    Info (12023): Found entity 1: HFFrequencySynthesis
Info (12127): Elaborating entity "HFFrequencySynthesis" for the top level hierarchy
Info (12128): Elaborating entity "MainFSM" for hierarchy "MainFSM:inst"
Info (12129): Elaborating entity "SinLUT" using architecture "A:basic" for hierarchy "MainFSM:inst|SinLUT:synthesizer" File: Z:/dev/hw/DDS/fpga_vhdl/ter/dds/MainFSM.vhd Line: 55
Info (12129): Elaborating entity "ConfigureADC" using architecture "A:basic" for hierarchy "MainFSM:inst|ConfigureADC:configurator" File: Z:/dev/hw/DDS/fpga_vhdl/ter/dds/MainFSM.vhd Line: 58
Warning (10492): VHDL Process Statement warning at ConfigureADC.vhd(214): signal "wrre_latched" is read inside the Process Statement but isn't in the Process Statement's sensitivity list File: Z:/dev/hw/DDS/fpga_vhdl/ter/dds/ConfigureADC.vhd Line: 214
Warning (10492): VHDL Process Statement warning at ConfigureADC.vhd(216): signal "counter" is read inside the Process Statement but isn't in the Process Statement's sensitivity list File: Z:/dev/hw/DDS/fpga_vhdl/ter/dds/ConfigureADC.vhd Line: 216
Warning (10492): VHDL Process Statement warning at ConfigureADC.vhd(218): signal "wrre_latched" is read inside the Process Statement but isn't in the Process Statement's sensitivity list File: Z:/dev/hw/DDS/fpga_vhdl/ter/dds/ConfigureADC.vhd Line: 218
Warning (10492): VHDL Process Statement warning at ConfigureADC.vhd(219): signal "config" is read inside the Process Statement but isn't in the Process Statement's sensitivity list File: Z:/dev/hw/DDS/fpga_vhdl/ter/dds/ConfigureADC.vhd Line: 219
Warning (10492): VHDL Process Statement warning at ConfigureADC.vhd(231): signal "dataIndex" is read inside the Process Statement but isn't in the Process Statement's sensitivity list File: Z:/dev/hw/DDS/fpga_vhdl/ter/dds/ConfigureADC.vhd Line: 231
Info (12129): Elaborating entity "ConfigROM" using architecture "A:basic" for hierarchy "MainFSM:inst|ConfigureADC:configurator|ConfigROM:ConfigMemory" File: Z:/dev/hw/DDS/fpga_vhdl/ter/dds/ConfigureADC.vhd Line: 62
Info (276014): Found 1 instances of uninferred RAM logic
    Info (276004): RAM logic "MainFSM:inst|ConfigureADC:configurator|ConfigROM:ConfigMemory|configValues" is uninferred due to inappropriate RAM size File: Z:/dev/hw/DDS/fpga_vhdl/ter/dds/ConfigROM.vhd Line: 16
Warning (113028): 15 out of 64 addresses are uninitialized. The Quartus Prime software will initialize them to "0". There are 1 warnings found, and 1 warnings are reported. File: Z:/dev/hw/DDS/fpga_vhdl/ter/dds/db/HFFrequencySynthesis.ram0_ConfigROM_8d4fd7c8.hdl.mif Line: 1
    Warning (113027): Addresses ranging from 49 to 63 are not initialized File: Z:/dev/hw/DDS/fpga_vhdl/ter/dds/db/HFFrequencySynthesis.ram0_ConfigROM_8d4fd7c8.hdl.mif Line: 1
Info (286030): Timing-Driven Synthesis is running
Info (16010): Generating hard_block partition "hard_block:auto_generated_inst"
    Info (16011): Adding 0 node(s), including 0 DDIO, 0 PLL, 0 transceiver and 0 LCELL
Info (21057): Implemented 222 device resources after synthesis - the final resource count might be different
    Info (21058): Implemented 5 input pins
    Info (21059): Implemented 28 output pins
    Info (21061): Implemented 189 logic cells
Info: Quartus Prime Analysis & Synthesis was successful. 0 errors, 8 warnings
    Info: Peak virtual memory: 4875 megabytes
    Info: Processing ended: Sat Mar 14 12:42:00 2026
    Info: Elapsed time: 00:00:14
    Info: Total CPU time (on all processors): 00:00:29


